\BOOKMARK [1][-]{section.1}{\376\377\000T\000e\000c\000h\000n\000i\000c\000a\000l\000\040\000I\000n\000n\000o\000v\000a\000t\000i\000o\000n\000:\000\040\000S\000c\000a\000l\000a\000b\000l\000e\000\040\000M\000o\000E\000\040\000A\000r\000c\000h\000i\000t\000e\000c\000t\000u\000r\000e}{}% 1
\BOOKMARK [2][-]{subsection.1.1}{\376\377\000M\000i\000x\000t\000u\000r\000e\000\040\000o\000f\000\040\000E\000x\000p\000e\000r\000t\000s\000\040\000D\000e\000s\000i\000g\000n}{section.1}% 2
\BOOKMARK [2][-]{subsection.1.2}{\376\377\000M\000a\000t\000h\000e\000m\000a\000t\000i\000c\000a\000l\000\040\000F\000o\000u\000n\000d\000a\000t\000i\000o\000n}{section.1}% 3
\BOOKMARK [2][-]{subsection.1.3}{\376\377\000P\000l\000a\000t\000f\000o\000r\000m\000-\000S\000p\000e\000c\000i\000f\000i\000c\000\040\000O\000p\000t\000i\000m\000i\000z\000a\000t\000i\000o\000n}{section.1}% 4
\BOOKMARK [1][-]{section.2}{\376\377\000V\000-\000J\000E\000P\000A\000\040\000F\000o\000u\000n\000d\000a\000t\000i\000o\000n\000:\000\040\000L\000e\000a\000r\000n\000i\000n\000g\000\040\000f\000r\000o\000m\000\040\000V\000i\000d\000e\000o}{}% 5
\BOOKMARK [2][-]{subsection.2.1}{\376\377\000H\000i\000e\000r\000a\000r\000c\000h\000i\000c\000a\000l\000\040\000F\000e\000a\000t\000u\000r\000e\000\040\000E\000x\000t\000r\000a\000c\000t\000i\000o\000n}{section.2}% 6
\BOOKMARK [1][-]{section.3}{\376\377\000M\000i\000l\000i\000t\000a\000r\000y\000\040\000A\000p\000p\000l\000i\000c\000a\000t\000i\000o\000n\000s\000\040\000w\000i\000t\000h\000\040\000A\000d\000a\000p\000t\000i\000v\000e\000\040\000C\000o\000m\000p\000u\000t\000e}{}% 7
\BOOKMARK [2][-]{subsection.3.1}{\376\377\000T\000i\000e\000r\000e\000d\000\040\000D\000e\000p\000l\000o\000y\000m\000e\000n\000t\000\040\000S\000t\000r\000a\000t\000e\000g\000y}{section.3}% 8
\BOOKMARK [2][-]{subsection.3.2}{\376\377\000U\000s\000e\000\040\000C\000a\000s\000e\000:\000\040\000C\000o\000u\000n\000t\000e\000r\000-\000U\000A\000S\000\040\000a\000t\000\040\000M\000u\000l\000t\000i\000p\000l\000e\000\040\000E\000c\000h\000e\000l\000o\000n\000s}{section.3}% 9
\BOOKMARK [1][-]{section.4}{\376\377\000P\000e\000r\000f\000o\000r\000m\000a\000n\000c\000e\000\040\000B\000e\000n\000c\000h\000m\000a\000r\000k\000s}{}% 10
\BOOKMARK [2][-]{subsection.4.1}{\376\377\000C\000o\000m\000p\000u\000t\000a\000t\000i\000o\000n\000a\000l\000\040\000E\000f\000f\000i\000c\000i\000e\000n\000c\000y\000\040\000A\000c\000r\000o\000s\000s\000\040\000P\000l\000a\000t\000f\000o\000r\000m\000s}{section.4}% 11
\BOOKMARK [2][-]{subsection.4.2}{\376\377\000A\000c\000c\000u\000r\000a\000c\000y\000\040\000v\000s\000\040\000M\000o\000d\000e\000l\000\040\000A\000c\000t\000i\000v\000a\000t\000i\000o\000n}{section.4}% 12
\BOOKMARK [1][-]{section.5}{\376\377\000I\000m\000p\000l\000e\000m\000e\000n\000t\000a\000t\000i\000o\000n\000\040\000T\000i\000m\000e\000l\000i\000n\000e}{}% 13
\BOOKMARK [2][-]{subsection.5.1}{\376\377\000P\000h\000a\000s\000e\000\040\0001\000:\000\040\000F\000o\000u\000n\000d\000a\000t\000i\000o\000n\000\040\000\050\000M\000o\000n\000t\000h\000s\000\040\0001\000-\0006\000\051}{section.5}% 14
\BOOKMARK [2][-]{subsection.5.2}{\376\377\000P\000h\000a\000s\000e\000\040\0002\000:\000\040\000I\000n\000t\000e\000g\000r\000a\000t\000i\000o\000n\000\040\000\050\000M\000o\000n\000t\000h\000s\000\040\0007\000-\0001\0002\000\051}{section.5}% 15
\BOOKMARK [2][-]{subsection.5.3}{\376\377\000P\000h\000a\000s\000e\000\040\0003\000:\000\040\000V\000a\000l\000i\000d\000a\000t\000i\000o\000n\000\040\000\050\000M\000o\000n\000t\000h\000s\000\040\0001\0003\000-\0001\0008\000\051}{section.5}% 16
\BOOKMARK [1][-]{section.6}{\376\377\000B\000u\000d\000g\000e\000t\000\040\000J\000u\000s\000t\000i\000f\000i\000c\000a\000t\000i\000o\000n}{}% 17
\BOOKMARK [2][-]{subsection.6.1}{\376\377\000D\000e\000t\000a\000i\000l\000e\000d\000\040\000B\000u\000d\000g\000e\000t\000\040\000B\000r\000e\000a\000k\000d\000o\000w\000n}{section.6}% 18
\BOOKMARK [1][-]{section.7}{\376\377\000R\000i\000s\000k\000\040\000M\000a\000n\000a\000g\000e\000m\000e\000n\000t}{}% 19
\BOOKMARK [1][-]{section.8}{\376\377\000T\000e\000a\000m\000\040\000Q\000u\000a\000l\000i\000f\000i\000c\000a\000t\000i\000o\000n\000s}{}% 20
\BOOKMARK [2][-]{subsection.8.1}{\376\377\000L\000e\000a\000d\000e\000r\000s\000h\000i\000p}{section.8}% 21
\BOOKMARK [2][-]{subsection.8.2}{\376\377\000I\000n\000s\000t\000i\000t\000u\000t\000i\000o\000n\000a\000l\000\040\000S\000t\000r\000e\000n\000g\000t\000h\000s}{section.8}% 22
\BOOKMARK [1][-]{section.9}{\376\377\000C\000o\000n\000c\000l\000u\000s\000i\000o\000n\000:\000\040\000O\000n\000e\000\040\000A\000I\000,\000\040\000E\000v\000e\000r\000y\000\040\000S\000c\000a\000l\000e}{}% 23
\BOOKMARK [1][-]{appendix.A}{\376\377\000T\000e\000c\000h\000n\000i\000c\000a\000l\000\040\000D\000e\000t\000a\000i\000l\000s\000:\000\040\000M\000o\000E\000\040\000I\000m\000p\000l\000e\000m\000e\000n\000t\000a\000t\000i\000o\000n}{}% 24
\BOOKMARK [1][-]{appendix.B}{\376\377\000V\000-\000J\000E\000P\000A\000\040\000I\000n\000t\000e\000g\000r\000a\000t\000i\000o\000n}{}% 25
