\BOOKMARK [1][-]{section.1}{\376\377\000T\000h\000e\000\040\000T\000h\000r\000e\000a\000t\000:\000\040\000W\000h\000y\000\040\000T\000h\000i\000s\000\040\000M\000a\000t\000t\000e\000r\000s\000\040\000N\000o\000w}{}% 1
\BOOKMARK [2][-]{subsection.1.1}{\376\377\000T\000h\000e\000\040\000S\000p\000e\000e\000d\000\040\000o\000f\000\040\000F\000u\000t\000u\000r\000e\000\040\000W\000a\000r}{section.1}% 2
\BOOKMARK [2][-]{subsection.1.2}{\376\377\000T\000h\000e\000\040\000C\000a\000p\000a\000b\000i\000l\000i\000t\000y\000\040\000G\000a\000p}{section.1}% 3
\BOOKMARK [1][-]{section.2}{\376\377\000T\000h\000e\000\040\000S\000o\000l\000u\000t\000i\000o\000n\000:\000\040\000J\000I\000N\000-\000T\000A\000C\000\040\000T\000e\000c\000h\000n\000o\000l\000o\000g\000y\000\040\000B\000r\000e\000a\000k\000t\000h\000r\000o\000u\000g\000h}{}% 4
\BOOKMARK [2][-]{subsection.2.1}{\376\377\000R\000e\000v\000o\000l\000u\000t\000i\000o\000n\000a\000r\000y\000\040\000A\000r\000c\000h\000i\000t\000e\000c\000t\000u\000r\000e\000:\000\040\000H\000i\000e\000r\000a\000r\000c\000h\000i\000c\000a\000l\000\040\000z\000-\000J\000E\000P\000A}{section.2}% 5
\BOOKMARK [2][-]{subsection.2.2}{\376\377\000M\000a\000t\000h\000e\000m\000a\000t\000i\000c\000a\000l\000\040\000F\000o\000u\000n\000d\000a\000t\000i\000o\000n\000:\000\040\000B\000e\000y\000o\000n\000d\000\040\000S\000t\000a\000t\000e\000-\000o\000f\000-\000t\000h\000e\000-\000A\000r\000t}{section.2}% 6
\BOOKMARK [2][-]{subsection.2.3}{\376\377\000B\000r\000e\000a\000k\000t\000h\000r\000o\000u\000g\000h\000\040\000C\000a\000p\000a\000b\000i\000l\000i\000t\000i\000e\000s}{section.2}% 7
\BOOKMARK [3][-]{subsubsection.2.3.1}{\376\377\0001\000.\000\040\000M\000u\000l\000t\000i\000-\000S\000e\000n\000s\000o\000r\000\040\000F\000u\000s\000i\000o\000n\000\040\000a\000t\000\040\000M\000a\000c\000h\000i\000n\000e\000\040\000S\000p\000e\000e\000d}{subsection.2.3}% 8
\BOOKMARK [3][-]{subsubsection.2.3.2}{\376\377\0002\000.\000\040\000E\000d\000g\000e\000-\000N\000a\000t\000i\000v\000e\000\040\000A\000r\000c\000h\000i\000t\000e\000c\000t\000u\000r\000e}{subsection.2.3}% 9
\BOOKMARK [3][-]{subsubsection.2.3.3}{\376\377\0003\000.\000\040\000P\000r\000e\000d\000i\000c\000t\000i\000v\000e\000\040\000I\000n\000t\000e\000l\000l\000i\000g\000e\000n\000c\000e}{subsection.2.3}% 10
\BOOKMARK [1][-]{section.3}{\376\377\000S\000t\000a\000t\000e\000m\000e\000n\000t\000\040\000o\000f\000\040\000W\000o\000r\000k\000:\000\040\000F\000r\000o\000m\000\040\000L\000a\000b\000\040\000t\000o\000\040\000B\000a\000t\000t\000l\000e\000f\000i\000e\000l\000d}{}% 11
\BOOKMARK [2][-]{subsection.3.1}{\376\377\000P\000h\000a\000s\000e\000\040\000I\000:\000\040\000C\000o\000r\000e\000\040\000D\000e\000v\000e\000l\000o\000p\000m\000e\000n\000t\000\040\000\046\000\040\000V\000a\000l\000i\000d\000a\000t\000i\000o\000n\000\040\000\050\000M\000o\000n\000t\000h\000s\000\040\0001\000-\0006\000,\000\040\000T\000R\000L\000\040\0003\041\222\0004\000\051}{section.3}% 12
\BOOKMARK [3][-]{subsubsection.3.1.1}{\376\377\000T\000a\000s\000k\000\040\0001\000.\0001\000:\000\040\000M\000i\000l\000i\000t\000a\000r\000y\000\040\000S\000e\000n\000s\000o\000r\000\040\000I\000n\000t\000e\000g\000r\000a\000t\000i\000o\000n}{subsection.3.1}% 13
\BOOKMARK [3][-]{subsubsection.3.1.2}{\376\377\000T\000a\000s\000k\000\040\0001\000.\0002\000:\000\040\000H\000i\000e\000r\000a\000r\000c\000h\000i\000c\000a\000l\000\040\000A\000r\000c\000h\000i\000t\000e\000c\000t\000u\000r\000e\000\040\000O\000p\000t\000i\000m\000i\000z\000a\000t\000i\000o\000n}{subsection.3.1}% 14
\BOOKMARK [2][-]{subsection.3.2}{\376\377\000P\000h\000a\000s\000e\000\040\000I\000I\000:\000\040\000H\000a\000r\000d\000e\000n\000i\000n\000g\000\040\000\046\000\040\000I\000n\000t\000e\000g\000r\000a\000t\000i\000o\000n\000\040\000\050\000M\000o\000n\000t\000h\000s\000\040\0007\000-\0001\0002\000,\000\040\000T\000R\000L\000\040\0004\041\222\0005\000\051}{section.3}% 15
\BOOKMARK [3][-]{subsubsection.3.2.1}{\376\377\000T\000a\000s\000k\000\040\0002\000.\0001\000:\000\040\000E\000d\000g\000e\000\040\000O\000p\000t\000i\000m\000i\000z\000a\000t\000i\000o\000n}{subsection.3.2}% 16
\BOOKMARK [3][-]{subsubsection.3.2.2}{\376\377\000T\000a\000s\000k\000\040\0002\000.\0002\000:\000\040\000M\000i\000l\000i\000t\000a\000r\000y\000\040\000S\000y\000s\000t\000e\000m\000s\000\040\000I\000n\000t\000e\000g\000r\000a\000t\000i\000o\000n}{subsection.3.2}% 17
\BOOKMARK [2][-]{subsection.3.3}{\376\377\000P\000h\000a\000s\000e\000\040\000I\000I\000I\000:\000\040\000F\000i\000e\000l\000d\000\040\000T\000e\000s\000t\000i\000n\000g\000\040\000\046\000\040\000V\000a\000l\000i\000d\000a\000t\000i\000o\000n\000\040\000\050\000M\000o\000n\000t\000h\000s\000\040\0001\0003\000-\0001\0008\000,\000\040\000T\000R\000L\000\040\0005\041\222\0006\000\051}{section.3}% 18
\BOOKMARK [3][-]{subsubsection.3.3.1}{\376\377\000T\000a\000s\000k\000\040\0003\000.\0001\000:\000\040\000L\000i\000v\000e\000\040\000S\000e\000n\000s\000o\000r\000\040\000D\000a\000t\000a\000\040\000C\000o\000l\000l\000e\000c\000t\000i\000o\000n}{subsection.3.3}% 19
\BOOKMARK [3][-]{subsubsection.3.3.2}{\376\377\000T\000a\000s\000k\000\040\0003\000.\0002\000:\000\040\000S\000w\000a\000r\000m\000\040\000C\000o\000o\000r\000d\000i\000n\000a\000t\000i\000o\000n}{subsection.3.3}% 20
\BOOKMARK [2][-]{subsection.3.4}{\376\377\000P\000h\000a\000s\000e\000\040\000I\000V\000:\000\040\000T\000r\000a\000n\000s\000i\000t\000i\000o\000n\000\040\000\046\000\040\000D\000e\000p\000l\000o\000y\000m\000e\000n\000t\000\040\000\050\000M\000o\000n\000t\000h\000s\000\040\0001\0009\000-\0002\0004\000,\000\040\000T\000R\000L\000\040\0006\041\222\0007\000\051}{section.3}% 21
\BOOKMARK [1][-]{section.4}{\376\377\000T\000e\000a\000m\000:\000\040\000P\000r\000o\000v\000e\000n\000\040\000I\000n\000n\000o\000v\000a\000t\000o\000r\000s\000\040\000i\000n\000\040\000M\000i\000l\000i\000t\000a\000r\000y\000\040\000A\000I}{}% 22
\BOOKMARK [2][-]{subsection.4.1}{\376\377\000L\000e\000a\000d\000e\000r\000s\000h\000i\000p}{section.4}% 23
\BOOKMARK [2][-]{subsection.4.2}{\376\377\000I\000n\000s\000t\000i\000t\000u\000t\000i\000o\000n\000a\000l\000\040\000S\000t\000r\000e\000n\000g\000t\000h}{section.4}% 24
\BOOKMARK [1][-]{section.5}{\376\377\000B\000u\000d\000g\000e\000t\000:\000\040\000M\000a\000x\000i\000m\000u\000m\000\040\000I\000m\000p\000a\000c\000t\000\040\000p\000e\000r\000\040\000D\000o\000l\000l\000a\000r}{}% 25
\BOOKMARK [2][-]{subsection.5.1}{\376\377\000R\000e\000t\000u\000r\000n\000\040\000o\000n\000\040\000I\000n\000v\000e\000s\000t\000m\000e\000n\000t}{section.5}% 26
\BOOKMARK [1][-]{section.6}{\376\377\000W\000h\000y\000\040\000F\000u\000n\000d\000\040\000T\000h\000i\000s\000\040\000N\000o\000w\000?}{}% 27
\BOOKMARK [2][-]{subsection.6.1}{\376\377\000T\000h\000e\000\040\000O\000p\000p\000o\000r\000t\000u\000n\000i\000t\000y\000\040\000C\000o\000s\000t\000\040\000o\000f\000\040\000D\000e\000l\000a\000y}{section.6}% 28
\BOOKMARK [2][-]{subsection.6.2}{\376\377\000C\000o\000m\000p\000e\000t\000i\000t\000i\000v\000e\000\040\000L\000a\000n\000d\000s\000c\000a\000p\000e}{section.6}% 29
\BOOKMARK [1][-]{section.7}{\376\377\000T\000r\000a\000n\000s\000i\000t\000i\000o\000n\000\040\000S\000t\000r\000a\000t\000e\000g\000y\000:\000\040\000F\000r\000o\000m\000\040\000P\000r\000o\000t\000o\000t\000y\000p\000e\000\040\000t\000o\000\040\000P\000r\000o\000g\000r\000a\000m\000\040\000o\000f\000\040\000R\000e\000c\000o\000r\000d}{}% 30
\BOOKMARK [2][-]{subsection.7.1}{\376\377\000C\000o\000n\000f\000i\000r\000m\000e\000d\000\040\000T\000r\000a\000n\000s\000i\000t\000i\000o\000n\000\040\000P\000a\000r\000t\000n\000e\000r\000s}{section.7}% 31
\BOOKMARK [2][-]{subsection.7.2}{\376\377\000P\000a\000t\000h\000\040\000t\000o\000\040\000P\000r\000o\000g\000r\000a\000m\000\040\000o\000f\000\040\000R\000e\000c\000o\000r\000d}{section.7}% 32
\BOOKMARK [1][-]{section.8}{\376\377\000T\000e\000c\000h\000n\000i\000c\000a\000l\000\040\000R\000i\000s\000k\000\040\000M\000i\000t\000i\000g\000a\000t\000i\000o\000n}{}% 33
\BOOKMARK [1][-]{section.9}{\376\377\000C\000o\000n\000c\000l\000u\000s\000i\000o\000n\000:\000\040\000T\000h\000e\000\040\000D\000e\000c\000i\000s\000i\000v\000e\000\040\000M\000o\000m\000e\000n\000t}{}% 34
\BOOKMARK [2][-]{subsection.9.1}{\376\377\000W\000h\000a\000t\000\040\000\044\0003\000.\0003\0003\0005\000M\000\040\000B\000u\000y\000s\000\040\000t\000h\000e\000\040\000A\000r\000m\000y}{section.9}% 35
\BOOKMARK [2][-]{subsection.9.2}{\376\377\000T\000h\000e\000\040\000V\000i\000s\000i\000o\000n\000:\000\040\000W\000a\000r\000f\000a\000r\000e\000\040\000i\000n\000\040\0002\0000\0003\0000}{section.9}% 36
\BOOKMARK [2][-]{subsection.9.3}{\376\377\000F\000i\000n\000a\000l\000\040\000W\000o\000r\000d\000s}{section.9}% 37
