\BOOKMARK [1][-]{section.1}{\376\377\000I\000n\000t\000r\000o\000d\000u\000c\000t\000i\000o\000n}{}% 1
\BOOKMARK [1][-]{section.2}{\376\377\000R\000e\000l\000a\000t\000e\000d\000\040\000W\000o\000r\000k}{}% 2
\BOOKMARK [2][-]{subsection.2.1}{\376\377\000S\000e\000l\000f\000-\000S\000u\000p\000e\000r\000v\000i\000s\000e\000d\000\040\000V\000i\000s\000u\000a\000l\000\040\000L\000e\000a\000r\000n\000i\000n\000g}{section.2}% 3
\BOOKMARK [2][-]{subsection.2.2}{\376\377\000M\000u\000l\000t\000i\000m\000o\000d\000a\000l\000\040\000L\000e\000a\000r\000n\000i\000n\000g}{section.2}% 4
\BOOKMARK [2][-]{subsection.2.3}{\376\377\000E\000n\000e\000r\000g\000y\000-\000B\000a\000s\000e\000d\000\040\000M\000o\000d\000e\000l\000s}{section.2}% 5
\BOOKMARK [1][-]{section.3}{\376\377\000M\000e\000t\000h\000o\000d}{}% 6
\BOOKMARK [2][-]{subsection.3.1}{\376\377\000H\000i\000e\000r\000a\000r\000c\000h\000i\000c\000a\000l\000\040\000z\000-\000J\000E\000P\000A\000\040\000A\000r\000c\000h\000i\000t\000e\000c\000t\000u\000r\000e}{section.3}% 7
\BOOKMARK [3][-]{subsubsection.3.1.1}{\376\377\000C\000r\000o\000s\000s\000-\000S\000c\000a\000l\000e\000\040\000P\000r\000e\000d\000i\000c\000t\000i\000v\000e\000\040\000O\000b\000j\000e\000c\000t\000i\000v\000e\000s}{subsection.3.1}% 8
\BOOKMARK [3][-]{subsubsection.3.1.2}{\376\377\000A\000d\000a\000p\000t\000i\000v\000e\000\040\000C\000o\000m\000p\000u\000t\000a\000t\000i\000o\000n}{subsection.3.1}% 9
\BOOKMARK [2][-]{subsection.3.2}{\376\377\000H\000y\000p\000e\000r\000m\000o\000d\000a\000l\000\040\000E\000m\000b\000e\000d\000d\000i\000n\000g\000\040\000S\000p\000a\000c\000e}{section.3}% 10
\BOOKMARK [3][-]{subsubsection.3.2.1}{\376\377\000M\000o\000d\000a\000l\000i\000t\000y\000-\000S\000p\000e\000c\000i\000f\000i\000c\000\040\000E\000n\000c\000o\000d\000e\000r\000s}{subsection.3.2}% 11
\BOOKMARK [3][-]{subsubsection.3.2.2}{\376\377\000E\000n\000e\000r\000g\000y\000-\000B\000a\000s\000e\000d\000\040\000A\000l\000i\000g\000n\000m\000e\000n\000t}{subsection.3.2}% 12
\BOOKMARK [2][-]{subsection.3.3}{\376\377\000S\000p\000a\000t\000i\000a\000l\000l\000y\000-\000A\000w\000a\000r\000e\000\040\000A\000t\000t\000e\000n\000t\000i\000o\000n}{section.3}% 13
\BOOKMARK [2][-]{subsection.3.4}{\376\377\000T\000r\000a\000i\000n\000i\000n\000g\000\040\000P\000r\000o\000c\000e\000d\000u\000r\000e}{section.3}% 14
\BOOKMARK [1][-]{section.4}{\376\377\000E\000x\000p\000e\000r\000i\000m\000e\000n\000t\000s}{}% 15
\BOOKMARK [2][-]{subsection.4.1}{\376\377\000E\000x\000p\000e\000r\000i\000m\000e\000n\000t\000a\000l\000\040\000S\000e\000t\000u\000p}{section.4}% 16
\BOOKMARK [3][-]{subsubsection.4.1.1}{\376\377\000D\000a\000t\000a\000s\000e\000t\000s}{subsection.4.1}% 17
\BOOKMARK [3][-]{subsubsection.4.1.2}{\376\377\000I\000m\000p\000l\000e\000m\000e\000n\000t\000a\000t\000i\000o\000n\000\040\000D\000e\000t\000a\000i\000l\000s}{subsection.4.1}% 18
\BOOKMARK [2][-]{subsection.4.2}{\376\377\000M\000a\000i\000n\000\040\000R\000e\000s\000u\000l\000t\000s}{section.4}% 19
\BOOKMARK [3][-]{subsubsection.4.2.1}{\376\377\000I\000m\000a\000g\000e\000N\000e\000t\000\040\000C\000l\000a\000s\000s\000i\000f\000i\000c\000a\000t\000i\000o\000n}{subsection.4.2}% 20
\BOOKMARK [3][-]{subsubsection.4.2.2}{\376\377\000M\000u\000l\000t\000i\000m\000o\000d\000a\000l\000\040\000U\000n\000d\000e\000r\000s\000t\000a\000n\000d\000i\000n\000g}{subsection.4.2}% 21
\BOOKMARK [2][-]{subsection.4.3}{\376\377\000A\000b\000l\000a\000t\000i\000o\000n\000\040\000S\000t\000u\000d\000i\000e\000s}{section.4}% 22
\BOOKMARK [3][-]{subsubsection.4.3.1}{\376\377\000C\000o\000m\000p\000o\000n\000e\000n\000t\000\040\000A\000n\000a\000l\000y\000s\000i\000s}{subsection.4.3}% 23
\BOOKMARK [3][-]{subsubsection.4.3.2}{\376\377\000S\000c\000a\000l\000i\000n\000g\000\040\000P\000r\000o\000p\000e\000r\000t\000i\000e\000s}{subsection.4.3}% 24
\BOOKMARK [2][-]{subsection.4.4}{\376\377\000Q\000u\000a\000l\000i\000t\000a\000t\000i\000v\000e\000\040\000A\000n\000a\000l\000y\000s\000i\000s}{section.4}% 25
\BOOKMARK [3][-]{subsubsection.4.4.1}{\376\377\000C\000r\000o\000s\000s\000-\000M\000o\000d\000a\000l\000\040\000R\000e\000t\000r\000i\000e\000v\000a\000l}{subsection.4.4}% 26
\BOOKMARK [3][-]{subsubsection.4.4.2}{\376\377\000A\000t\000t\000e\000n\000t\000i\000o\000n\000\040\000V\000i\000s\000u\000a\000l\000i\000z\000a\000t\000i\000o\000n}{subsection.4.4}% 27
\BOOKMARK [1][-]{section.5}{\376\377\000A\000n\000a\000l\000y\000s\000i\000s}{}% 28
\BOOKMARK [2][-]{subsection.5.1}{\376\377\000C\000o\000m\000p\000u\000t\000a\000t\000i\000o\000n\000a\000l\000\040\000E\000f\000f\000i\000c\000i\000e\000n\000c\000y}{section.5}% 29
\BOOKMARK [2][-]{subsection.5.2}{\376\377\000E\000m\000e\000r\000g\000e\000n\000t\000\040\000P\000r\000o\000p\000e\000r\000t\000i\000e\000s}{section.5}% 30
\BOOKMARK [3][-]{subsubsection.5.2.1}{\376\377\000S\000c\000a\000l\000e\000\040\000I\000n\000v\000a\000r\000i\000a\000n\000c\000e}{subsection.5.2}% 31
\BOOKMARK [3][-]{subsubsection.5.2.2}{\376\377\000M\000o\000d\000a\000l\000i\000t\000y\000\040\000D\000r\000o\000p\000o\000u\000t}{subsection.5.2}% 32
\BOOKMARK [2][-]{subsection.5.3}{\376\377\000E\000n\000e\000r\000g\000y\000\040\000L\000a\000n\000d\000s\000c\000a\000p\000e\000\040\000A\000n\000a\000l\000y\000s\000i\000s}{section.5}% 33
\BOOKMARK [1][-]{section.6}{\376\377\000D\000i\000s\000c\000u\000s\000s\000i\000o\000n}{}% 34
\BOOKMARK [2][-]{subsection.6.1}{\376\377\000T\000h\000e\000o\000r\000e\000t\000i\000c\000a\000l\000\040\000I\000n\000s\000i\000g\000h\000t\000s}{section.6}% 35
\BOOKMARK [2][-]{subsection.6.2}{\376\377\000L\000i\000m\000i\000t\000a\000t\000i\000o\000n\000s\000\040\000a\000n\000d\000\040\000F\000u\000t\000u\000r\000e\000\040\000W\000o\000r\000k}{section.6}% 36
\BOOKMARK [1][-]{section.7}{\376\377\000C\000o\000n\000c\000l\000u\000s\000i\000o\000n}{}% 37
\BOOKMARK [1][-]{appendix.A}{\376\377\000I\000m\000p\000l\000e\000m\000e\000n\000t\000a\000t\000i\000o\000n\000\040\000D\000e\000t\000a\000i\000l\000s}{}% 38
\BOOKMARK [2][-]{subsection.A.1}{\376\377\000A\000r\000c\000h\000i\000t\000e\000c\000t\000u\000r\000e\000\040\000S\000p\000e\000c\000i\000f\000i\000c\000a\000t\000i\000o\000n\000s}{appendix.A}% 39
\BOOKMARK [2][-]{subsection.A.2}{\376\377\000T\000r\000a\000i\000n\000i\000n\000g\000\040\000H\000y\000p\000e\000r\000p\000a\000r\000a\000m\000e\000t\000e\000r\000s}{appendix.A}% 40
\BOOKMARK [2][-]{subsection.A.3}{\376\377\000D\000a\000t\000a\000\040\000P\000r\000e\000p\000r\000o\000c\000e\000s\000s\000i\000n\000g}{appendix.A}% 41
\BOOKMARK [1][-]{appendix.B}{\376\377\000A\000d\000d\000i\000t\000i\000o\000n\000a\000l\000\040\000R\000e\000s\000u\000l\000t\000s}{}% 42
\BOOKMARK [2][-]{subsection.B.1}{\376\377\000T\000r\000a\000n\000s\000f\000e\000r\000\040\000L\000e\000a\000r\000n\000i\000n\000g}{appendix.B}% 43
\BOOKMARK [2][-]{subsection.B.2}{\376\377\000Z\000e\000r\000o\000-\000S\000h\000o\000t\000\040\000E\000v\000a\000l\000u\000a\000t\000i\000o\000n}{appendix.B}% 44
